[jannataresort.com/index.html]
[backblue.gif]
[fade.gif]
[index.html]
[jannataresort.com/favicon.ico]
[jannataresort.com/scripts/_vendors.js]
[jannataresort.com/scripts/index.js]
[jannataresort.com/_nuxt/a8b5459de8aac7fda108.js]
[jannataresort.com/_nuxt/7acbad0c923c7f635ed5.js]
[jannataresort.com/_nuxt/ce114240868d84ff897d.js]
[jannataresort.com/_nuxt/1c10bc95da80e564db94.js]
[jannataresort.com/_nuxt/327ac7ad4301b86cdcf7.js]
[jannataresort.com/_nuxt/ff1e63b755352ff3cbbb.js]
[jannataresort.com/_nuxt/41f3cf0810fad985cebb.js]
[jannataresort.com/_nuxt/fonts/b1b058a.eot]
[jannataresort.com/_nuxt/0828347b1be281137f7d.js]
[jannataresort.com/_nuxt/fonts/b1b058ad41d.eot]
[jannataresort.com/_nuxt/fonts/a63c944.woff2]
[jannataresort.com/_nuxt/fonts/9f86e67.woff]
[jannataresort.com/_nuxt/img/1a1935d.svg]
[jannataresort.com/_nuxt/fonts/aa166cc.eot]
[jannataresort.com/_nuxt/fonts/aa166ccd41d.eot]
[jannataresort.com/_nuxt/fonts/50098d5.woff2]
[jannataresort.com/_nuxt/fonts/a389b9f.woff]
[jannataresort.com/_nuxt/img/ba23d1e.svg]
[jannataresort.com/_nuxt/fonts/263f264.eot]
[jannataresort.com/_nuxt/fonts/263f264d41d.eot]
[jannataresort.com/_nuxt/fonts/1de402b.woff2]
[jannataresort.com/_nuxt/fonts/067b502.woff]
[jannataresort.com/_nuxt/img/3c99bb8.svg]
[jannataresort.com/_nuxt/fonts/756c847.eot]
[jannataresort.com/_nuxt/fonts/756c847d41d.eot]
[jannataresort.com/_nuxt/fonts/4b29c8a.woff2]
[jannataresort.com/_nuxt/fonts/5baeea9.woff]
[jannataresort.com/_nuxt/img/d53c2fc.svg]
[jannataresort.com/_nuxt/fonts/e6d06de.eot]
[jannataresort.com/_nuxt/fonts/e6d06ded41d.eot]
[jannataresort.com/_nuxt/fonts/c3b08b0.woff2]
[jannataresort.com/_nuxt/fonts/4be8ac5.woff]
[jannataresort.com/_nuxt/img/25ad097.svg]
[jannataresort.com/_nuxt/fonts/dcadb90.eot]
[jannataresort.com/_nuxt/fonts/dcadb90d41d.eot]
[jannataresort.com/_nuxt/fonts/9b4c8d2.woff2]
[jannataresort.com/_nuxt/fonts/9349cda.woff]
[jannataresort.com/_nuxt/img/cbe40b5.svg]
[jannataresort.com/_nuxt/fonts/b56a4c8.eot]
[jannataresort.com/_nuxt/fonts/b56a4c8d41d.eot]
[jannataresort.com/_nuxt/fonts/2bc4c3b.woff2]
[jannataresort.com/_nuxt/fonts/829b6eb.woff]
[jannataresort.com/_nuxt/img/8e1af7a.svg]
[jannataresort.com/_nuxt/fonts/e93b2d0.eot]
[jannataresort.com/_nuxt/fonts/e93b2d0d41d.eot]
[jannataresort.com/_nuxt/fonts/bce28da.woff2]
[jannataresort.com/_nuxt/fonts/c43cdfe.woff]
[jannataresort.com/_nuxt/img/9fe8cdc.svg]
[jannataresort.com/_nuxt/fonts/9f142bf.eot]
[jannataresort.com/_nuxt/fonts/9f142bfd41d.eot]
[jannataresort.com/_nuxt/fonts/9c4437b.woff2]
[jannataresort.com/_nuxt/fonts/a485143.woff]
[jannataresort.com/_nuxt/img/b0f5378.svg]
[jannataresort.com/_nuxt/fonts/7a7f734.eot]
[jannataresort.com/_nuxt/fonts/7a7f734d41d.eot]
[jannataresort.com/_nuxt/fonts/d525826.woff2]
[jannataresort.com/_nuxt/fonts/df2b5da.woff]
[jannataresort.com/_nuxt/img/f46cf19.svg]
[jannataresort.com/_nuxt/fonts/2aa29b7.eot]
[jannataresort.com/_nuxt/fonts/2aa29b7d41d.eot]
[jannataresort.com/_nuxt/fonts/3b70115.woff2]
[jannataresort.com/_nuxt/fonts/0e30050.woff]
[jannataresort.com/_nuxt/img/2484c6f.svg]
[jannataresort.com/_nuxt/fonts/f043531.eot]
[jannataresort.com/_nuxt/fonts/f043531d41d.eot]
[jannataresort.com/_nuxt/fonts/6e2ed51.woff2]
[jannataresort.com/_nuxt/fonts/809aaea.woff]
[jannataresort.com/_nuxt/img/1efd83f.svg]
[jannataresort.com/_nuxt/fonts/4ea965c.eot]
[jannataresort.com/_nuxt/fonts/4ea965cd41d.eot]
[jannataresort.com/_nuxt/fonts/18c10ee.woff2]
[jannataresort.com/_nuxt/fonts/651783a.woff]
[jannataresort.com/_nuxt/img/f2e879c.svg]
[jannataresort.com/_nuxt/fonts/5551145.eot]
[jannataresort.com/_nuxt/fonts/5551145d41d.eot]
[jannataresort.com/_nuxt/fonts/7985806.woff2]
[jannataresort.com/_nuxt/fonts/6ef9d2c.woff]
[jannataresort.com/_nuxt/img/7a30394.svg]
[jannataresort.com/_nuxt/fonts/e16322d.eot]
[jannataresort.com/_nuxt/fonts/f312f49.ttf]
[jannataresort.com/_nuxt/fonts/e342a61.woff]
[jannataresort.com/_nuxt/img/71a8f77.svg]
[jannataresort.com/_nuxt/img/a109df5.png]
[jannataresort.com/_nuxt/img/a989adf.png]
[jannataresort.com/_nuxt/img/33d233c.png]
[jannataresort.com/_nuxt/img/16106f5.png]
[jannataresort.com/_nuxt/img/8eee93b.png]
[jannataresort.com/_nuxt/img/aee7573.png]
[jannataresort.com/_nuxt/fonts/2c45466.eot]
[jannataresort.com/_nuxt/fonts/2c45466d41d.eot]
[jannataresort.com/_nuxt/fonts/a1ecc3b.woff]
[jannataresort.com/_nuxt/fonts/e23a7dc.ttf]
[jannataresort.com/_nuxt/img/9c8e96e.svg]
[jannataresort.com/_nuxt/img/9e91fad.jpg]
[jannataresort.com/_nuxt/img/1336c61.png]
[jannataresort.com/en/homepage.html]
[jannataresort.com/en.html]
[jannataresort.com/en/exclusive-deals.html]
[jannataresort.com/en/our-story.html]
[jannataresort.com/en/spa-yoga.html]
[jannataresort.com/en/amateras-dining.html]
[jannataresort.com/en/wedding.html]
[jannataresort.com/en/ubud-beyond.html]
[jannataresort.com/en/location-contact.html]
[jannataresort.com/en/accommodation/pool-villa.html]
[jannataresort.com/en/accommodation/deluxe-suite.html]
[jannataresort.com/en/accommodation/superior-room.html]
[jannataresort.com/en/champaka-spa.html]
[jannataresort.com/en/accommodation/deluxe-twin.html]
[jannataresort.com/blur.html]
[jannataresort.com/medium.html]
[jannataresort.com/raw.html]
[jannataresort.com/big.html]
[jannataresort.com/index.html]
[jannataresort.com/_nuxt/img/1a1935d.svg]
[jannataresort.com/_nuxt/img/ba23d1e.svg]
[jannataresort.com/_nuxt/img/3c99bb8.svg]
[jannataresort.com/_nuxt/img/d53c2fc.svg]
[jannataresort.com/_nuxt/img/25ad097.svg]
[jannataresort.com/_nuxt/img/cbe40b5.svg]
[jannataresort.com/_nuxt/img/8e1af7a.svg]
[jannataresort.com/_nuxt/img/9fe8cdc.svg]
[jannataresort.com/_nuxt/img/b0f5378.svg]
[jannataresort.com/_nuxt/img/f46cf19.svg]
[jannataresort.com/_nuxt/img/2484c6f.svg]
[jannataresort.com/_nuxt/img/1efd83f.svg]
[jannataresort.com/_nuxt/img/f2e879c.svg]
[jannataresort.com/_nuxt/img/7a30394.svg]
[jannataresort.com/_nuxt/img/71a8f77.svg]
[jannataresort.com/_nuxt/img/9c8e96e.svg]
[jannataresort.com/en.html]
[jannataresort.com/_nuxt/53c899ee1879edd5b8a1.js]
[jannataresort.com/_nuxt/6b8aa37e19825911f1f6.js]
[jannataresort.com/en/en/exclusive-deals.html]
[jannataresort.com/en/blur.html]
[jannataresort.com/en/medium.html]
[jannataresort.com/en/raw.html]
[jannataresort.com/en/big.html]
[jannataresort.com/en/homepage.html]
[jannataresort.com/en/fn!=scroll_true.html]
[jannataresort.com/en/our-story.html]
[jannataresort.com/img/bg-palm.png]
[jannataresort.com/img/bg-leaf.png]
[jannataresort.com/en/exclusive-deals.html]
[jannataresort.com/en/spa-yoga.html]
[jannataresort.com/en/amateras-dining.html]
[jannataresort.com/en/wedding.html]
[jannataresort.com/en/ubud-beyond.html]
[jannataresort.com/en/tel_+628123648745.html]
[jannataresort.com/en/location-contact.html]
[jannataresort.com/_nuxt/59a32e8a11840a63e393.js]
[jannataresort.com/en/accommodation/big.html]
[jannataresort.com/en/accommodation/raw.html]
[jannataresort.com/en/accommodation/blur.html]
[jannataresort.com/en/accommodation/medium.html]
[jannataresort.com/en/accommodation/pool-villa.html]
[jannataresort.com/en/accommodation/deluxe-suite.html]
[jannataresort.com/en/accommodation/superior-room.html]
[jannataresort.com/en/champaka-spa.html]
[jannataresort.com/en/accommodation/deluxe-twin.html]
[jannataresort.com/blur/homepage.html]
[jannataresort.com/blur/our-story.html]
[jannataresort.com/blur/exclusive-deals.html]
[jannataresort.com/blur/spa-yoga.html]
[jannataresort.com/blur/amateras-dining.html]
[jannataresort.com/blur/wedding.html]
[jannataresort.com/blur/ubud-beyond.html]
[jannataresort.com/blur/location-contact.html]
[jannataresort.com/blur/accommodation/pool-villa.html]
[jannataresort.com/blur/accommodation/deluxe-suite.html]
[jannataresort.com/blur.html]
[jannataresort.com/blur/accommodation/superior-room.html]
[jannataresort.com/medium/homepage.html]
[jannataresort.com/medium/our-story.html]
[jannataresort.com/medium/exclusive-deals.html]
[jannataresort.com/medium/spa-yoga.html]
[jannataresort.com/medium/amateras-dining.html]
[jannataresort.com/medium/wedding.html]
[jannataresort.com/medium/ubud-beyond.html]
[jannataresort.com/medium/location-contact.html]
[jannataresort.com/medium/accommodation/pool-villa.html]
[jannataresort.com/medium/accommodation/deluxe-suite.html]
[jannataresort.com/medium.html]
[jannataresort.com/medium/accommodation/superior-room.html]
[jannataresort.com/raw/homepage.html]
[jannataresort.com/raw/our-story.html]
[jannataresort.com/raw/exclusive-deals.html]
[jannataresort.com/raw/spa-yoga.html]
[jannataresort.com/raw/amateras-dining.html]
[jannataresort.com/raw/wedding.html]
[jannataresort.com/raw/ubud-beyond.html]
[jannataresort.com/raw/location-contact.html]
[jannataresort.com/raw/accommodation/pool-villa.html]
[jannataresort.com/raw/accommodation/deluxe-suite.html]
[jannataresort.com/raw.html]
[jannataresort.com/raw/accommodation/superior-room.html]
[jannataresort.com/big/homepage.html]
[jannataresort.com/big/our-story.html]
[jannataresort.com/big/exclusive-deals.html]
[jannataresort.com/big/spa-yoga.html]
[jannataresort.com/big/amateras-dining.html]
[jannataresort.com/big/wedding.html]
[jannataresort.com/big/ubud-beyond.html]
[jannataresort.com/big/location-contact.html]
[jannataresort.com/big/accommodation/pool-villa.html]
[jannataresort.com/big/accommodation/deluxe-suite.html]
[jannataresort.com/big.html]
[jannataresort.com/0a92d769-ae4f-4a86-b5d6-67fbb4bc4472.gif]
[jannataresort.com/097470ab-7879-493e-bc98-5dc4fd09cb54.gif]
[jannataresort.com/6fe77037-cba3-4b76-81d0-bac03e031898.gif]
[jannataresort.com/e5740d7a-73ce-4643-8761-2f59c29a40f9.gif]
[jannataresort.com/e061b86c-217c-4b9f-87ec-bc67b45db7a0.gif]
[jannataresort.com/7a440a24-e2d7-42c2-a257-2d175c37fea0.gif]
[jannataresort.com/45160e86-5d7f-44c0-8474-3d137f585735.gif]
[jannataresort.com/a6dd0aeb-c6af-4333-bd07-d12facffa6cb.gif]
[jannataresort.com/DSCF2425_JPG.gif]
[jannataresort.com/fd4e5e30-5ce6-4c0a-b5d8-b603c1d44188.gif]
[jannataresort.com/3f5794e3-745d-4113-8294-0b47ac51bfcf.gif]
[jannataresort.com/5fdcfdc1-fb7a-4680-a6fb-863ca58f23f5_1_.gif]
[jannataresort.com/a2e5b48e-2e73-4eea-8717-68704ef8ddad.gif]
[jannataresort.com/0d81b504-794a-4f9b-a793-2e3f77b35c33.gif]
[jannataresort.com/DJI_0593_JPG.gif]
[jannataresort.com/497791fc-9913-4222-aab1-04a242ab0905.gif]
[jannataresort.com/3e562326-a73f-4681-a46b-dbd8361db5bb.gif]
[jannataresort.com/DSCF2335_JPG.gif]
[jannataresort.com/1-01.gif]
[jannataresort.com/6225aaeb-f581-4b05-8d48-4bfe4a5db40e.gif]
[jannataresort.com/Deluxe.gif]
[jannataresort.com/53ae25b6-79f5-4fc5-a1d8-55aec88591dd.gif]
[jannataresort.com/ff642f58-71fc-4cee-9d91-d525b1c641d2.gif]
[jannataresort.com/05d5135d-4ec2-4b48-9a33-e8daa2acd331.gif]
[jannataresort.com/big/accommodation/superior-room.html]
[jannataresort.com/en/en/big.html]
[jannataresort.com/en/en/raw.html]
[jannataresort.com/en/en/blur.html]
[jannataresort.com/en/en/medium.html]
[jannataresort.com/en/en/exclusive-deals.html]
[jannataresort.com/en/blur.html]
[jannataresort.com/en/medium.html]
[jannataresort.com/en/raw.html]
[jannataresort.com/en/big.html]
[jannataresort.com/en/0a92d769-ae4f-4a86-b5d6-67fbb4bc4472.gif]
[jannataresort.com/en/097470ab-7879-493e-bc98-5dc4fd09cb54.gif]
[jannataresort.com/en/6fe77037-cba3-4b76-81d0-bac03e031898.gif]
[jannataresort.com/en/e5740d7a-73ce-4643-8761-2f59c29a40f9.gif]
[jannataresort.com/en/e061b86c-217c-4b9f-87ec-bc67b45db7a0.gif]
[jannataresort.com/en/7a440a24-e2d7-42c2-a257-2d175c37fea0.gif]
[jannataresort.com/en/45160e86-5d7f-44c0-8474-3d137f585735.gif]
[jannataresort.com/en/a6dd0aeb-c6af-4333-bd07-d12facffa6cb.gif]
[jannataresort.com/en/DSCF2425_JPG.gif]
[jannataresort.com/en/fd4e5e30-5ce6-4c0a-b5d8-b603c1d44188.gif]
[jannataresort.com/en/3f5794e3-745d-4113-8294-0b47ac51bfcf.gif]
[jannataresort.com/en/5fdcfdc1-fb7a-4680-a6fb-863ca58f23f5_1_.gif]
[jannataresort.com/en/a2e5b48e-2e73-4eea-8717-68704ef8ddad.gif]
[jannataresort.com/en/0d81b504-794a-4f9b-a793-2e3f77b35c33.gif]
[jannataresort.com/en/DJI_0593_JPG.gif]
[jannataresort.com/en/497791fc-9913-4222-aab1-04a242ab0905.gif]
[jannataresort.com/en/3e562326-a73f-4681-a46b-dbd8361db5bb.gif]
[jannataresort.com/en/DSCF2335_JPG.gif]
[jannataresort.com/en/1-01.gif]
[jannataresort.com/en/6225aaeb-f581-4b05-8d48-4bfe4a5db40e.gif]
[jannataresort.com/en/Deluxe.gif]
[jannataresort.com/en/53ae25b6-79f5-4fc5-a1d8-55aec88591dd.gif]
[jannataresort.com/en/ff642f58-71fc-4cee-9d91-d525b1c641d2.gif]
[jannataresort.com/en/05d5135d-4ec2-4b48-9a33-e8daa2acd331.gif]
[jannataresort.com/en/fn!=scroll_true.html]
[jannataresort.com/en/00499681-d733-4741-8806-77b4213a0cbf.gif]
[jannataresort.com/en/bbe1e125-b438-4ad9-a5fa-c8d43c257edf.gif]
[jannataresort.com/en/f528273e-b165-42bb-a7f8-1eb14290f8f2.gif]
[jannataresort.com/en/7c1153bc-ac72-44f1-90c5-7637897ba38e.gif]
[jannataresort.com/en/d1276b64-27bc-4c45-96fd-6b509414815f.gif]
[jannataresort.com/en/26df702b-5185-427b-a581-152d528f605b.gif]
[jannataresort.com/en/popup-3.gif]
[jannataresort.com/en/ae1a8989-3567-4c6c-b88e-a99dd7e0c6de.gif]
[jannataresort.com/en/328014cf-1bb8-452c-90fe-90ceac34044e.gif]
[jannataresort.com/en/335269d8-bcc7-463e-821e-fa5df05e4730.gif]
[jannataresort.com/en/6f759fb6-cf6f-4269-b497-03ab3a53899e.gif]
[jannataresort.com/en/fa70b2da-85ee-4395-8cd1-13ad66467ef6.gif]
[jannataresort.com/en/322d1403-44e4-4c47-8bc1-7f4fd9a82e1e_3_.gif]
[jannataresort.com/en/ee593781-7b4a-4913-9a34-c8089d48881f.gif]
[jannataresort.com/en/0faf99ee-77f6-4c6d-b017-6ac36d159598.gif]
[jannataresort.com/en/8ee7d1f4-b033-4768-9137-1bc2c8f78ef2.gif]
[jannataresort.com/en/21e8e547-615b-4d9f-913b-2156e31bf83d.gif]
[jannataresort.com/en/2fdc0970-94bf-47ea-a564-052ccedd777b.gif]
[jannataresort.com/en/168ea0bb-1efe-4064-885c-98d91dcf9a17.gif]
[jannataresort.com/en/512d1b9c-1754-4eab-a5ab-95a1efe359d9.gif]
[jannataresort.com/en/Spa.gif]
[jannataresort.com/en/DSCF4526_JPG.gif]
[jannataresort.com/en/5573e9f4-d4e3-40cb-9fca-30da628b2d85.gif]
[jannataresort.com/en/holla.gif]
[jannataresort.com/en/0b19fd22-8b46-4e1e-8fa1-414ee915142e.gif]
[jannataresort.com/en/dabfeefe-8d8a-4807-9461-6935887f6443.gif]
[jannataresort.com/en/DSCF5333_JPG.gif]
[jannataresort.com/en/7aee2309-f7a3-486e-9f70-ba35b48523ac.gif]
[jannataresort.com/en/b6dc5f15-9a28-4524-991b-0a87487d4d9d_1_.gif]
[jannataresort.com/en/d1925c93-8a28-4fb0-9ef0-3500c669d3d8.gif]
[jannataresort.com/en/21d1bd39-3fc9-447a-93b9-9456950812f5.gif]
[jannataresort.com/en/e3680677-ee99-4ecf-8a01-aa250060d9ea_2_.gif]
[jannataresort.com/en/88314766-e539-4857-b6a2-8635b806f0bb_1_.gif]
[jannataresort.com/en/1442fbe1-fd3c-48e0-9209-b6e6a3edc10f.gif]
[jannataresort.com/en/28ff4652-76d0-43f8-b1df-a49a16395019.gif]
[jannataresort.com/en/26c85850-dc44-4091-9a28-7e19929e5a19.gif]
[jannataresort.com/en/DSCF5025_JPG.gif]
[jannataresort.com/en/2b0633f0-c427-4741-89fe-c0e5ea0b0ab5.gif]
[jannataresort.com/en/3a6827ca-5dac-4b8d-8675-ed8b8817e45f.gif]
[jannataresort.com/en/ebb64e40-2e66-46c6-8885-0cd7c89b3ce4.gif]
[jannataresort.com/en/62596dc7-a763-44e1-82a6-06ea0cd58adc.gif]
[jannataresort.com/en/f74f2eac-6aad-469f-85b2-076dc85d26b8.gif]
[jannataresort.com/en/b1040362-7ce3-46bb-a4b7-f6bf41c91d47.gif]
[jannataresort.com/en/e5d80614-9853-44a2-9629-904b5a69fa48.gif]
[jannataresort.com/en/da51edc1-e10d-44aa-a0b0-213b01bab241.gif]
[jannataresort.com/en/f466fb70-336c-4db3-920b-ccc67c06bc34.gif]
[jannataresort.com/en/8210cc2b-1ed4-4e3c-923c-06e146ded6ac.gif]
[jannataresort.com/en/Cycling_Rice_Terraces_JPG.gif]
[jannataresort.com/en/tel_+628123648745.html]
[jannataresort.com/en/67b9f3c2-7db1-48fc-b082-791a9864eee4.gif]
[jannataresort.com/en/01d07a63-a15d-41ba-b37c-666780d38f8e.gif]
[jannataresort.com/en/accommodation/DSCF2335_JPG.gif]
[jannataresort.com/en/accommodation/big.html]
[jannataresort.com/en/accommodation/raw.html]
[jannataresort.com/en/accommodation/blur.html]
[jannataresort.com/en/accommodation/medium.html]
[jannataresort.com/en/accommodation/DJI_0593_JPG.gif]
[jannataresort.com/en/accommodation/3e562326-a73f-4681-a46b-dbd8361db5bb.gif]
[jannataresort.com/en/accommodation/DSCF2425_JPG.gif]
[jannataresort.com/en/accommodation/1-01.gif]
[jannataresort.com/en/accommodation/a5702c31-e987-42cd-a743-0bb4cc30c0b2.gif]
[jannataresort.com/en/accommodation/9b73f80a-e474-4dab-a0d8-41048845d67a.gif]
[jannataresort.com/en/accommodation/b13efd11-4c1d-4dca-85d3-c27153b0fcf8.gif]
[jannataresort.com/en/accommodation/DSCF2367_JPG.gif]
[jannataresort.com/en/accommodation/Deluxe.gif]
[jannataresort.com/en/accommodation/DSCF5269_JPG.gif]
[jannataresort.com/en/accommodation/53ae25b6-79f5-4fc5-a1d8-55aec88591dd.gif]
[jannataresort.com/en/accommodation/a2de7ce2-2fce-4dc2-b284-f01c7cecb5c8.gif]
[jannataresort.com/en/accommodation/05d5135d-4ec2-4b48-9a33-e8daa2acd331.gif]
[jannataresort.com/en/accommodation/2-01.gif]
[jannataresort.com/en/accommodation/3-01.gif]
[jannataresort.com/en/accommodation/ccc33ea4-460b-4093-8d0f-b59956d5d57d.gif]
[jannataresort.com/en/accommodation/DSCF2390_JPG.gif]
[jannataresort.com/en/accommodation/78898266-c40e-4553-90ab-19c2f2250aea.gif]
[jannataresort.com/en/accommodation/DSCF4267_JPG.gif]
[jannataresort.com/en/accommodation/25e6da3c-1200-4624-a024-5f4a604a1060.gif]
[jannataresort.com/en/accommodation/65babf25-94c1-4149-bbe4-63843d40cabc.gif]
[jannataresort.com/blur/en/exclusive-deals.html]
[jannataresort.com/blur/blur.html]
[jannataresort.com/blur/medium.html]
[jannataresort.com/blur/raw.html]
[jannataresort.com/blur/big.html]
[jannataresort.com/blur/homepage.html]
[jannataresort.com/blur/our-story.html]
[jannataresort.com/blur/exclusive-deals.html]
[jannataresort.com/blur/spa-yoga.html]
[jannataresort.com/blur/amateras-dining.html]
[jannataresort.com/blur/wedding.html]
[jannataresort.com/blur/ubud-beyond.html]
[jannataresort.com/blur/location-contact.html]
[jannataresort.com/blur/accommodation/big.html]
[jannataresort.com/blur/accommodation/raw.html]
[jannataresort.com/blur/accommodation/blur.html]
[jannataresort.com/blur/accommodation/medium.html]
[jannataresort.com/blur/accommodation/pool-villa.html]
[jannataresort.com/blur/accommodation/deluxe-suite.html]
[jannataresort.com/blur/accommodation/superior-room.html]
[jannataresort.com/medium/en/exclusive-deals.html]
[jannataresort.com/medium/blur.html]
[jannataresort.com/medium/medium.html]
[jannataresort.com/medium/raw.html]
[jannataresort.com/medium/big.html]
[jannataresort.com/medium/homepage.html]
[jannataresort.com/medium/our-story.html]
[jannataresort.com/medium/exclusive-deals.html]
[jannataresort.com/medium/spa-yoga.html]
[jannataresort.com/medium/amateras-dining.html]
[jannataresort.com/medium/wedding.html]
[jannataresort.com/medium/ubud-beyond.html]
[jannataresort.com/medium/location-contact.html]
[jannataresort.com/medium/accommodation/big.html]
[jannataresort.com/medium/accommodation/raw.html]
[jannataresort.com/medium/accommodation/blur.html]
[jannataresort.com/medium/accommodation/medium.html]
[jannataresort.com/medium/accommodation/pool-villa.html]
[jannataresort.com/medium/accommodation/deluxe-suite.html]
[jannataresort.com/medium/accommodation/superior-room.html]
[jannataresort.com/raw/en/exclusive-deals.html]
[jannataresort.com/raw/blur.html]
[jannataresort.com/raw/medium.html]
[jannataresort.com/raw/raw.html]
[jannataresort.com/raw/big.html]
[jannataresort.com/raw/homepage.html]
[jannataresort.com/raw/our-story.html]
[jannataresort.com/raw/exclusive-deals.html]
[jannataresort.com/raw/spa-yoga.html]
[jannataresort.com/raw/amateras-dining.html]
[jannataresort.com/raw/wedding.html]
[jannataresort.com/raw/ubud-beyond.html]
[jannataresort.com/raw/location-contact.html]
[jannataresort.com/raw/accommodation/big.html]
[jannataresort.com/raw/accommodation/raw.html]
[jannataresort.com/raw/accommodation/blur.html]
[jannataresort.com/raw/accommodation/medium.html]
[jannataresort.com/raw/accommodation/pool-villa.html]
[jannataresort.com/raw/accommodation/deluxe-suite.html]
[jannataresort.com/raw/accommodation/superior-room.html]
[jannataresort.com/big/en/exclusive-deals.html]
[jannataresort.com/big/blur.html]
[jannataresort.com/big/medium.html]
[jannataresort.com/big/raw.html]
[jannataresort.com/big/big.html]
[jannataresort.com/big/homepage.html]
[jannataresort.com/big/our-story.html]
[jannataresort.com/big/exclusive-deals.html]
[jannataresort.com/big/spa-yoga.html]
[jannataresort.com/big/amateras-dining.html]
[jannataresort.com/big/wedding.html]
[jannataresort.com/big/ubud-beyond.html]
[jannataresort.com/big/location-contact.html]
[jannataresort.com/big/accommodation/big.html]
[jannataresort.com/big/accommodation/raw.html]
[jannataresort.com/big/accommodation/blur.html]
[jannataresort.com/big/accommodation/medium.html]
[jannataresort.com/big/accommodation/pool-villa.html]
[jannataresort.com/big/accommodation/deluxe-suite.html]
[jannataresort.com/big/accommodation/superior-room.html]
[jannataresort.com/en/en/big.html]
[jannataresort.com/en/en/0a92d769-ae4f-4a86-b5d6-67fbb4bc4472.gif]
[jannataresort.com/en/en/raw.html]
[jannataresort.com/en/en/blur.html]
[jannataresort.com/en/en/medium.html]
[jannataresort.com/en/en/6fe77037-cba3-4b76-81d0-bac03e031898.gif]
[jannataresort.com/en/en/e061b86c-217c-4b9f-87ec-bc67b45db7a0.gif]
[jannataresort.com/en/en/097470ab-7879-493e-bc98-5dc4fd09cb54.gif]
[jannataresort.com/en/en/e5740d7a-73ce-4643-8761-2f59c29a40f9.gif]
[jannataresort.com/en/en/7a440a24-e2d7-42c2-a257-2d175c37fea0.gif]
[jannataresort.com/en/en/45160e86-5d7f-44c0-8474-3d137f585735.gif]
[jannataresort.com/en/en/a6dd0aeb-c6af-4333-bd07-d12facffa6cb.gif]
[jannataresort.com/en/en/DSCF2425_JPG.gif]
[jannataresort.com/en/en/5fdcfdc1-fb7a-4680-a6fb-863ca58f23f5_1_.gif]
[jannataresort.com/en/en/fd4e5e30-5ce6-4c0a-b5d8-b603c1d44188.gif]
[jannataresort.com/en/en/3f5794e3-745d-4113-8294-0b47ac51bfcf.gif]
[jannataresort.com/en/en/a2e5b48e-2e73-4eea-8717-68704ef8ddad.gif]
[jannataresort.com/en/en/0d81b504-794a-4f9b-a793-2e3f77b35c33.gif]
[jannataresort.com/en/en/6225aaeb-f581-4b05-8d48-4bfe4a5db40e.gif]
[jannataresort.com/en/en/Deluxe.gif]
[jannataresort.com/en/en/1-01.gif]
[jannataresort.com/en/en/DSCF2335_JPG.gif]
[jannataresort.com/en/en/3e562326-a73f-4681-a46b-dbd8361db5bb.gif]
[jannataresort.com/en/en/05d5135d-4ec2-4b48-9a33-e8daa2acd331.gif]
[jannataresort.com/en/en/ff642f58-71fc-4cee-9d91-d525b1c641d2.gif]
[jannataresort.com/en/en/DJI_0593_JPG.gif]
[jannataresort.com/en/en/53ae25b6-79f5-4fc5-a1d8-55aec88591dd.gif]
[jannataresort.com/en/accommodation/0a92d769-ae4f-4a86-b5d6-67fbb4bc4472.gif]
[jannataresort.com/en/accommodation/6fe77037-cba3-4b76-81d0-bac03e031898.gif]
[jannataresort.com/en/accommodation/e061b86c-217c-4b9f-87ec-bc67b45db7a0.gif]
[jannataresort.com/en/accommodation/097470ab-7879-493e-bc98-5dc4fd09cb54.gif]
[jannataresort.com/en/accommodation/e5740d7a-73ce-4643-8761-2f59c29a40f9.gif]
[jannataresort.com/en/accommodation/7a440a24-e2d7-42c2-a257-2d175c37fea0.gif]
[jannataresort.com/en/accommodation/45160e86-5d7f-44c0-8474-3d137f585735.gif]
[jannataresort.com/en/accommodation/a6dd0aeb-c6af-4333-bd07-d12facffa6cb.gif]
[jannataresort.com/en/accommodation/5fdcfdc1-fb7a-4680-a6fb-863ca58f23f5_1_.gif]
[jannataresort.com/en/accommodation/fd4e5e30-5ce6-4c0a-b5d8-b603c1d44188.gif]
[jannataresort.com/en/accommodation/3f5794e3-745d-4113-8294-0b47ac51bfcf.gif]
[jannataresort.com/en/accommodation/a2e5b48e-2e73-4eea-8717-68704ef8ddad.gif]
[jannataresort.com/en/accommodation/0d81b504-794a-4f9b-a793-2e3f77b35c33.gif]
[jannataresort.com/en/accommodation/6225aaeb-f581-4b05-8d48-4bfe4a5db40e.gif]
[jannataresort.com/en/accommodation/ff642f58-71fc-4cee-9d91-d525b1c641d2.gif]
[jannataresort.com/blur/en/big.html]
[jannataresort.com/blur/en/raw.html]
[jannataresort.com/blur/en/blur.html]
[jannataresort.com/blur/en/medium.html]
[jannataresort.com/blur/en/exclusive-deals.html]
[jannataresort.com/blur/blur.html]
[jannataresort.com/blur/medium.html]
[jannataresort.com/blur/raw.html]
[jannataresort.com/blur/big.html]
[jannataresort.com/blur/0a92d769-ae4f-4a86-b5d6-67fbb4bc4472.gif]
[jannataresort.com/blur/097470ab-7879-493e-bc98-5dc4fd09cb54.gif]
[jannataresort.com/blur/6fe77037-cba3-4b76-81d0-bac03e031898.gif]
[jannataresort.com/blur/e5740d7a-73ce-4643-8761-2f59c29a40f9.gif]
[jannataresort.com/blur/e061b86c-217c-4b9f-87ec-bc67b45db7a0.gif]
[jannataresort.com/blur/7a440a24-e2d7-42c2-a257-2d175c37fea0.gif]
[jannataresort.com/blur/45160e86-5d7f-44c0-8474-3d137f585735.gif]
[jannataresort.com/blur/a6dd0aeb-c6af-4333-bd07-d12facffa6cb.gif]
[jannataresort.com/blur/0d81b504-794a-4f9b-a793-2e3f77b35c33.gif]
[jannataresort.com/blur/DSCF2425_JPG.gif]
[jannataresort.com/blur/fd4e5e30-5ce6-4c0a-b5d8-b603c1d44188.gif]
[jannataresort.com/blur/3f5794e3-745d-4113-8294-0b47ac51bfcf.gif]
[jannataresort.com/blur/5fdcfdc1-fb7a-4680-a6fb-863ca58f23f5_1_.gif]
[jannataresort.com/blur/a2e5b48e-2e73-4eea-8717-68704ef8ddad.gif]
[jannataresort.com/blur/DJI_0593_JPG.gif]
[jannataresort.com/blur/497791fc-9913-4222-aab1-04a242ab0905.gif]
[jannataresort.com/blur/3e562326-a73f-4681-a46b-dbd8361db5bb.gif]
[jannataresort.com/blur/DSCF2335_JPG.gif]
[jannataresort.com/blur/1-01.gif]
[jannataresort.com/blur/6225aaeb-f581-4b05-8d48-4bfe4a5db40e.gif]
[jannataresort.com/blur/Deluxe.gif]
[jannataresort.com/blur/53ae25b6-79f5-4fc5-a1d8-55aec88591dd.gif]
[jannataresort.com/blur/ff642f58-71fc-4cee-9d91-d525b1c641d2.gif]
[jannataresort.com/blur/05d5135d-4ec2-4b48-9a33-e8daa2acd331.gif]
[jannataresort.com/blur/00499681-d733-4741-8806-77b4213a0cbf.gif]
[jannataresort.com/blur/bbe1e125-b438-4ad9-a5fa-c8d43c257edf.gif]
[jannataresort.com/blur/f528273e-b165-42bb-a7f8-1eb14290f8f2.gif]
[jannataresort.com/blur/7c1153bc-ac72-44f1-90c5-7637897ba38e.gif]
[jannataresort.com/blur/d1276b64-27bc-4c45-96fd-6b509414815f.gif]
[jannataresort.com/blur/26df702b-5185-427b-a581-152d528f605b.gif]
[jannataresort.com/blur/popup-3.gif]
[jannataresort.com/blur/ae1a8989-3567-4c6c-b88e-a99dd7e0c6de.gif]
[jannataresort.com/blur/328014cf-1bb8-452c-90fe-90ceac34044e.gif]
[jannataresort.com/blur/335269d8-bcc7-463e-821e-fa5df05e4730.gif]
[jannataresort.com/blur/6f759fb6-cf6f-4269-b497-03ab3a53899e.gif]
[jannataresort.com/blur/fa70b2da-85ee-4395-8cd1-13ad66467ef6.gif]
[jannataresort.com/blur/322d1403-44e4-4c47-8bc1-7f4fd9a82e1e_3_.gif]
[jannataresort.com/blur/ee593781-7b4a-4913-9a34-c8089d48881f.gif]
[jannataresort.com/blur/8ee7d1f4-b033-4768-9137-1bc2c8f78ef2.gif]
[jannataresort.com/blur/21e8e547-615b-4d9f-913b-2156e31bf83d.gif]
[jannataresort.com/blur/2fdc0970-94bf-47ea-a564-052ccedd777b.gif]
[jannataresort.com/blur/168ea0bb-1efe-4064-885c-98d91dcf9a17.gif]
[jannataresort.com/blur/0faf99ee-77f6-4c6d-b017-6ac36d159598.gif]
[jannataresort.com/blur/512d1b9c-1754-4eab-a5ab-95a1efe359d9.gif]
[jannataresort.com/blur/DSCF4526_JPG.gif]
[jannataresort.com/blur/Spa.gif]
[jannataresort.com/blur/5573e9f4-d4e3-40cb-9fca-30da628b2d85.gif]
[jannataresort.com/blur/holla.gif]
[jannataresort.com/blur/0b19fd22-8b46-4e1e-8fa1-414ee915142e.gif]
[jannataresort.com/blur/dabfeefe-8d8a-4807-9461-6935887f6443.gif]
[jannataresort.com/blur/DSCF5333_JPG.gif]
[jannataresort.com/blur/7aee2309-f7a3-486e-9f70-ba35b48523ac.gif]
[jannataresort.com/blur/b6dc5f15-9a28-4524-991b-0a87487d4d9d_1_.gif]
[jannataresort.com/blur/d1925c93-8a28-4fb0-9ef0-3500c669d3d8.gif]
[jannataresort.com/blur/21d1bd39-3fc9-447a-93b9-9456950812f5.gif]
[jannataresort.com/blur/88314766-e539-4857-b6a2-8635b806f0bb_1_.gif]
[jannataresort.com/blur/e3680677-ee99-4ecf-8a01-aa250060d9ea_2_.gif]
[jannataresort.com/blur/1442fbe1-fd3c-48e0-9209-b6e6a3edc10f.gif]
[jannataresort.com/blur/28ff4652-76d0-43f8-b1df-a49a16395019.gif]
[jannataresort.com/blur/26c85850-dc44-4091-9a28-7e19929e5a19.gif]
[jannataresort.com/blur/DSCF5025_JPG.gif]
[jannataresort.com/blur/62596dc7-a763-44e1-82a6-06ea0cd58adc.gif]
[jannataresort.com/blur/3a6827ca-5dac-4b8d-8675-ed8b8817e45f.gif]
[jannataresort.com/blur/f74f2eac-6aad-469f-85b2-076dc85d26b8.gif]
[jannataresort.com/blur/ebb64e40-2e66-46c6-8885-0cd7c89b3ce4.gif]
[jannataresort.com/blur/2b0633f0-c427-4741-89fe-c0e5ea0b0ab5.gif]
[jannataresort.com/blur/da51edc1-e10d-44aa-a0b0-213b01bab241.gif]
[jannataresort.com/blur/f466fb70-336c-4db3-920b-ccc67c06bc34.gif]
[jannataresort.com/blur/b1040362-7ce3-46bb-a4b7-f6bf41c91d47.gif]
[jannataresort.com/blur/e5d80614-9853-44a2-9629-904b5a69fa48.gif]
[jannataresort.com/blur/8210cc2b-1ed4-4e3c-923c-06e146ded6ac.gif]
[jannataresort.com/blur/Cycling_Rice_Terraces_JPG.gif]
[jannataresort.com/blur/67b9f3c2-7db1-48fc-b082-791a9864eee4.gif]
[jannataresort.com/blur/01d07a63-a15d-41ba-b37c-666780d38f8e.gif]
[jannataresort.com/blur/accommodation/DSCF2335_JPG.gif]
[jannataresort.com/blur/accommodation/big.html]
[jannataresort.com/blur/accommodation/raw.html]
[jannataresort.com/blur/accommodation/blur.html]
[jannataresort.com/blur/accommodation/medium.html]
[jannataresort.com/blur/accommodation/DJI_0593_JPG.gif]
[jannataresort.com/blur/accommodation/1-01.gif]
[jannataresort.com/blur/accommodation/3e562326-a73f-4681-a46b-dbd8361db5bb.gif]
[jannataresort.com/blur/accommodation/DSCF2425_JPG.gif]
[jannataresort.com/blur/accommodation/a5702c31-e987-42cd-a743-0bb4cc30c0b2.gif]
[jannataresort.com/blur/accommodation/b13efd11-4c1d-4dca-85d3-c27153b0fcf8.gif]
[jannataresort.com/blur/accommodation/9b73f80a-e474-4dab-a0d8-41048845d67a.gif]
[jannataresort.com/blur/accommodation/DSCF2367_JPG.gif]
[jannataresort.com/blur/accommodation/Deluxe.gif]
[jannataresort.com/blur/accommodation/DSCF5269_JPG.gif]
[jannataresort.com/blur/accommodation/53ae25b6-79f5-4fc5-a1d8-55aec88591dd.gif]
[jannataresort.com/blur/accommodation/a2de7ce2-2fce-4dc2-b284-f01c7cecb5c8.gif]
[jannataresort.com/blur/accommodation/05d5135d-4ec2-4b48-9a33-e8daa2acd331.gif]
[jannataresort.com/blur/accommodation/2-01.gif]
[jannataresort.com/blur/accommodation/3-01.gif]
[jannataresort.com/blur/accommodation/ccc33ea4-460b-4093-8d0f-b59956d5d57d.gif]
[jannataresort.com/blur/accommodation/DSCF2390_JPG.gif]
[jannataresort.com/blur/accommodation/78898266-c40e-4553-90ab-19c2f2250aea.gif]
[jannataresort.com/blur/accommodation/DSCF4267_JPG.gif]
[jannataresort.com/blur/accommodation/25e6da3c-1200-4624-a024-5f4a604a1060.gif]
[jannataresort.com/blur/accommodation/65babf25-94c1-4149-bbe4-63843d40cabc.gif]
[jannataresort.com/medium/en/medium.html]
[jannataresort.com/medium/en/big.html]
[jannataresort.com/medium/en/raw.html]
[jannataresort.com/medium/en/blur.html]
[jannataresort.com/medium/en/exclusive-deals.html]
[jannataresort.com/medium/blur.html]
[jannataresort.com/medium/medium.html]
[jannataresort.com/medium/raw.html]
[jannataresort.com/medium/big.html]
[jannataresort.com/medium/0a92d769-ae4f-4a86-b5d6-67fbb4bc4472.gif]
[jannataresort.com/medium/097470ab-7879-493e-bc98-5dc4fd09cb54.gif]
[jannataresort.com/medium/6fe77037-cba3-4b76-81d0-bac03e031898.gif]
[jannataresort.com/medium/e5740d7a-73ce-4643-8761-2f59c29a40f9.gif]
[jannataresort.com/medium/e061b86c-217c-4b9f-87ec-bc67b45db7a0.gif]
[jannataresort.com/medium/7a440a24-e2d7-42c2-a257-2d175c37fea0.gif]
[jannataresort.com/medium/45160e86-5d7f-44c0-8474-3d137f585735.gif]
[jannataresort.com/medium/a6dd0aeb-c6af-4333-bd07-d12facffa6cb.gif]
[jannataresort.com/medium/0d81b504-794a-4f9b-a793-2e3f77b35c33.gif]
[jannataresort.com/medium/DSCF2425_JPG.gif]
[jannataresort.com/medium/fd4e5e30-5ce6-4c0a-b5d8-b603c1d44188.gif]
[jannataresort.com/medium/3f5794e3-745d-4113-8294-0b47ac51bfcf.gif]
[jannataresort.com/medium/5fdcfdc1-fb7a-4680-a6fb-863ca58f23f5_1_.gif]
[jannataresort.com/medium/a2e5b48e-2e73-4eea-8717-68704ef8ddad.gif]
[jannataresort.com/medium/DJI_0593_JPG.gif]
[jannataresort.com/medium/497791fc-9913-4222-aab1-04a242ab0905.gif]
[jannataresort.com/medium/3e562326-a73f-4681-a46b-dbd8361db5bb.gif]
[jannataresort.com/medium/DSCF2335_JPG.gif]
[jannataresort.com/medium/1-01.gif]
[jannataresort.com/medium/6225aaeb-f581-4b05-8d48-4bfe4a5db40e.gif]
[jannataresort.com/medium/Deluxe.gif]
[jannataresort.com/medium/53ae25b6-79f5-4fc5-a1d8-55aec88591dd.gif]
[jannataresort.com/medium/ff642f58-71fc-4cee-9d91-d525b1c641d2.gif]
[jannataresort.com/medium/05d5135d-4ec2-4b48-9a33-e8daa2acd331.gif]
[jannataresort.com/medium/00499681-d733-4741-8806-77b4213a0cbf.gif]
[jannataresort.com/medium/bbe1e125-b438-4ad9-a5fa-c8d43c257edf.gif]
[jannataresort.com/medium/f528273e-b165-42bb-a7f8-1eb14290f8f2.gif]
[jannataresort.com/medium/7c1153bc-ac72-44f1-90c5-7637897ba38e.gif]
[jannataresort.com/medium/d1276b64-27bc-4c45-96fd-6b509414815f.gif]
[jannataresort.com/medium/26df702b-5185-427b-a581-152d528f605b.gif]
[jannataresort.com/medium/popup-3.gif]
[jannataresort.com/medium/ae1a8989-3567-4c6c-b88e-a99dd7e0c6de.gif]
[jannataresort.com/medium/328014cf-1bb8-452c-90fe-90ceac34044e.gif]
[jannataresort.com/medium/335269d8-bcc7-463e-821e-fa5df05e4730.gif]
[jannataresort.com/medium/6f759fb6-cf6f-4269-b497-03ab3a53899e.gif]
[jannataresort.com/medium/fa70b2da-85ee-4395-8cd1-13ad66467ef6.gif]
[jannataresort.com/medium/322d1403-44e4-4c47-8bc1-7f4fd9a82e1e_3_.gif]
[jannataresort.com/medium/ee593781-7b4a-4913-9a34-c8089d48881f.gif]
[jannataresort.com/medium/8ee7d1f4-b033-4768-9137-1bc2c8f78ef2.gif]
[jannataresort.com/medium/21e8e547-615b-4d9f-913b-2156e31bf83d.gif]
[jannataresort.com/medium/2fdc0970-94bf-47ea-a564-052ccedd777b.gif]
[jannataresort.com/medium/168ea0bb-1efe-4064-885c-98d91dcf9a17.gif]
[jannataresort.com/medium/0faf99ee-77f6-4c6d-b017-6ac36d159598.gif]
[jannataresort.com/medium/512d1b9c-1754-4eab-a5ab-95a1efe359d9.gif]
[jannataresort.com/medium/DSCF4526_JPG.gif]
[jannataresort.com/medium/Spa.gif]
[jannataresort.com/medium/5573e9f4-d4e3-40cb-9fca-30da628b2d85.gif]
[jannataresort.com/medium/holla.gif]
[jannataresort.com/medium/0b19fd22-8b46-4e1e-8fa1-414ee915142e.gif]
[jannataresort.com/medium/dabfeefe-8d8a-4807-9461-6935887f6443.gif]
[jannataresort.com/medium/DSCF5333_JPG.gif]
[jannataresort.com/medium/7aee2309-f7a3-486e-9f70-ba35b48523ac.gif]
[jannataresort.com/medium/b6dc5f15-9a28-4524-991b-0a87487d4d9d_1_.gif]
[jannataresort.com/medium/d1925c93-8a28-4fb0-9ef0-3500c669d3d8.gif]
[jannataresort.com/medium/21d1bd39-3fc9-447a-93b9-9456950812f5.gif]
[jannataresort.com/medium/88314766-e539-4857-b6a2-8635b806f0bb_1_.gif]
[jannataresort.com/medium/e3680677-ee99-4ecf-8a01-aa250060d9ea_2_.gif]
[jannataresort.com/medium/1442fbe1-fd3c-48e0-9209-b6e6a3edc10f.gif]
[jannataresort.com/medium/28ff4652-76d0-43f8-b1df-a49a16395019.gif]
[jannataresort.com/medium/26c85850-dc44-4091-9a28-7e19929e5a19.gif]
[jannataresort.com/medium/DSCF5025_JPG.gif]
[jannataresort.com/medium/62596dc7-a763-44e1-82a6-06ea0cd58adc.gif]
[jannataresort.com/medium/3a6827ca-5dac-4b8d-8675-ed8b8817e45f.gif]
[jannataresort.com/medium/f74f2eac-6aad-469f-85b2-076dc85d26b8.gif]
[jannataresort.com/medium/ebb64e40-2e66-46c6-8885-0cd7c89b3ce4.gif]
[jannataresort.com/medium/2b0633f0-c427-4741-89fe-c0e5ea0b0ab5.gif]
[jannataresort.com/medium/da51edc1-e10d-44aa-a0b0-213b01bab241.gif]
[jannataresort.com/medium/f466fb70-336c-4db3-920b-ccc67c06bc34.gif]
[jannataresort.com/medium/b1040362-7ce3-46bb-a4b7-f6bf41c91d47.gif]
[jannataresort.com/medium/e5d80614-9853-44a2-9629-904b5a69fa48.gif]
[jannataresort.com/medium/8210cc2b-1ed4-4e3c-923c-06e146ded6ac.gif]
[jannataresort.com/medium/Cycling_Rice_Terraces_JPG.gif]
[jannataresort.com/medium/67b9f3c2-7db1-48fc-b082-791a9864eee4.gif]
[jannataresort.com/medium/01d07a63-a15d-41ba-b37c-666780d38f8e.gif]
[jannataresort.com/medium/accommodation/DSCF2335_JPG.gif]
[jannataresort.com/medium/accommodation/big.html]
[jannataresort.com/medium/accommodation/raw.html]
[jannataresort.com/medium/accommodation/blur.html]
[jannataresort.com/medium/accommodation/medium.html]
[jannataresort.com/medium/accommodation/DJI_0593_JPG.gif]
[jannataresort.com/medium/accommodation/1-01.gif]
[jannataresort.com/medium/accommodation/3e562326-a73f-4681-a46b-dbd8361db5bb.gif]
[jannataresort.com/medium/accommodation/DSCF2425_JPG.gif]
[jannataresort.com/medium/accommodation/a5702c31-e987-42cd-a743-0bb4cc30c0b2.gif]
[jannataresort.com/medium/accommodation/b13efd11-4c1d-4dca-85d3-c27153b0fcf8.gif]
[jannataresort.com/medium/accommodation/9b73f80a-e474-4dab-a0d8-41048845d67a.gif]
[jannataresort.com/medium/accommodation/DSCF2367_JPG.gif]
[jannataresort.com/medium/accommodation/Deluxe.gif]
[jannataresort.com/medium/accommodation/DSCF5269_JPG.gif]
[jannataresort.com/medium/accommodation/53ae25b6-79f5-4fc5-a1d8-55aec88591dd.gif]
[jannataresort.com/medium/accommodation/a2de7ce2-2fce-4dc2-b284-f01c7cecb5c8.gif]
[jannataresort.com/medium/accommodation/05d5135d-4ec2-4b48-9a33-e8daa2acd331.gif]
[jannataresort.com/medium/accommodation/2-01.gif]
[jannataresort.com/medium/accommodation/3-01.gif]
[jannataresort.com/medium/accommodation/ccc33ea4-460b-4093-8d0f-b59956d5d57d.gif]
[jannataresort.com/medium/accommodation/DSCF2390_JPG.gif]
[jannataresort.com/medium/accommodation/78898266-c40e-4553-90ab-19c2f2250aea.gif]
[jannataresort.com/medium/accommodation/DSCF4267_JPG.gif]
[jannataresort.com/medium/accommodation/25e6da3c-1200-4624-a024-5f4a604a1060.gif]
[jannataresort.com/medium/accommodation/65babf25-94c1-4149-bbe4-63843d40cabc.gif]
[jannataresort.com/raw/en/medium.html]
[jannataresort.com/raw/en/big.html]
[jannataresort.com/raw/en/raw.html]
[jannataresort.com/raw/en/blur.html]
[jannataresort.com/raw/en/exclusive-deals.html]
[jannataresort.com/raw/blur.html]
[jannataresort.com/raw/medium.html]
[jannataresort.com/raw/raw.html]
[jannataresort.com/raw/big.html]
[jannataresort.com/raw/0a92d769-ae4f-4a86-b5d6-67fbb4bc4472.gif]
[jannataresort.com/raw/097470ab-7879-493e-bc98-5dc4fd09cb54.gif]
[jannataresort.com/raw/6fe77037-cba3-4b76-81d0-bac03e031898.gif]
[jannataresort.com/raw/e5740d7a-73ce-4643-8761-2f59c29a40f9.gif]
[jannataresort.com/raw/e061b86c-217c-4b9f-87ec-bc67b45db7a0.gif]
[jannataresort.com/raw/7a440a24-e2d7-42c2-a257-2d175c37fea0.gif]
[jannataresort.com/raw/45160e86-5d7f-44c0-8474-3d137f585735.gif]
[jannataresort.com/raw/a6dd0aeb-c6af-4333-bd07-d12facffa6cb.gif]
[jannataresort.com/raw/0d81b504-794a-4f9b-a793-2e3f77b35c33.gif]
[jannataresort.com/raw/DSCF2425_JPG.gif]
[jannataresort.com/raw/fd4e5e30-5ce6-4c0a-b5d8-b603c1d44188.gif]
[jannataresort.com/raw/3f5794e3-745d-4113-8294-0b47ac51bfcf.gif]
[jannataresort.com/raw/5fdcfdc1-fb7a-4680-a6fb-863ca58f23f5_1_.gif]
[jannataresort.com/raw/a2e5b48e-2e73-4eea-8717-68704ef8ddad.gif]
[jannataresort.com/raw/DJI_0593_JPG.gif]
[jannataresort.com/raw/497791fc-9913-4222-aab1-04a242ab0905.gif]
[jannataresort.com/raw/3e562326-a73f-4681-a46b-dbd8361db5bb.gif]
[jannataresort.com/raw/DSCF2335_JPG.gif]
[jannataresort.com/raw/1-01.gif]
[jannataresort.com/raw/6225aaeb-f581-4b05-8d48-4bfe4a5db40e.gif]
[jannataresort.com/raw/Deluxe.gif]
[jannataresort.com/raw/53ae25b6-79f5-4fc5-a1d8-55aec88591dd.gif]
[jannataresort.com/raw/ff642f58-71fc-4cee-9d91-d525b1c641d2.gif]
[jannataresort.com/raw/05d5135d-4ec2-4b48-9a33-e8daa2acd331.gif]
[jannataresort.com/raw/00499681-d733-4741-8806-77b4213a0cbf.gif]
[jannataresort.com/raw/bbe1e125-b438-4ad9-a5fa-c8d43c257edf.gif]
[jannataresort.com/raw/f528273e-b165-42bb-a7f8-1eb14290f8f2.gif]
[jannataresort.com/raw/7c1153bc-ac72-44f1-90c5-7637897ba38e.gif]
[jannataresort.com/raw/d1276b64-27bc-4c45-96fd-6b509414815f.gif]
[jannataresort.com/raw/26df702b-5185-427b-a581-152d528f605b.gif]
[jannataresort.com/raw/popup-3.gif]
[jannataresort.com/raw/ae1a8989-3567-4c6c-b88e-a99dd7e0c6de.gif]
[jannataresort.com/raw/328014cf-1bb8-452c-90fe-90ceac34044e.gif]
[jannataresort.com/raw/335269d8-bcc7-463e-821e-fa5df05e4730.gif]
[jannataresort.com/raw/6f759fb6-cf6f-4269-b497-03ab3a53899e.gif]
[jannataresort.com/raw/fa70b2da-85ee-4395-8cd1-13ad66467ef6.gif]
[jannataresort.com/raw/322d1403-44e4-4c47-8bc1-7f4fd9a82e1e_3_.gif]
[jannataresort.com/raw/ee593781-7b4a-4913-9a34-c8089d48881f.gif]
[jannataresort.com/raw/8ee7d1f4-b033-4768-9137-1bc2c8f78ef2.gif]
[jannataresort.com/raw/21e8e547-615b-4d9f-913b-2156e31bf83d.gif]
[jannataresort.com/raw/2fdc0970-94bf-47ea-a564-052ccedd777b.gif]
[jannataresort.com/raw/168ea0bb-1efe-4064-885c-98d91dcf9a17.gif]
[jannataresort.com/raw/0faf99ee-77f6-4c6d-b017-6ac36d159598.gif]
[jannataresort.com/raw/512d1b9c-1754-4eab-a5ab-95a1efe359d9.gif]
[jannataresort.com/raw/DSCF4526_JPG.gif]
[jannataresort.com/raw/Spa.gif]
[jannataresort.com/raw/5573e9f4-d4e3-40cb-9fca-30da628b2d85.gif]
[jannataresort.com/raw/holla.gif]
[jannataresort.com/raw/0b19fd22-8b46-4e1e-8fa1-414ee915142e.gif]
[jannataresort.com/raw/dabfeefe-8d8a-4807-9461-6935887f6443.gif]
[jannataresort.com/raw/DSCF5333_JPG.gif]
[jannataresort.com/raw/7aee2309-f7a3-486e-9f70-ba35b48523ac.gif]
[jannataresort.com/raw/b6dc5f15-9a28-4524-991b-0a87487d4d9d_1_.gif]
[jannataresort.com/raw/d1925c93-8a28-4fb0-9ef0-3500c669d3d8.gif]
[jannataresort.com/raw/21d1bd39-3fc9-447a-93b9-9456950812f5.gif]
[jannataresort.com/raw/88314766-e539-4857-b6a2-8635b806f0bb_1_.gif]
[jannataresort.com/raw/e3680677-ee99-4ecf-8a01-aa250060d9ea_2_.gif]
[jannataresort.com/raw/1442fbe1-fd3c-48e0-9209-b6e6a3edc10f.gif]
[jannataresort.com/raw/28ff4652-76d0-43f8-b1df-a49a16395019.gif]
[jannataresort.com/raw/26c85850-dc44-4091-9a28-7e19929e5a19.gif]
[jannataresort.com/raw/DSCF5025_JPG.gif]
[jannataresort.com/raw/62596dc7-a763-44e1-82a6-06ea0cd58adc.gif]
[jannataresort.com/raw/3a6827ca-5dac-4b8d-8675-ed8b8817e45f.gif]
[jannataresort.com/raw/f74f2eac-6aad-469f-85b2-076dc85d26b8.gif]
[jannataresort.com/raw/ebb64e40-2e66-46c6-8885-0cd7c89b3ce4.gif]
[jannataresort.com/raw/2b0633f0-c427-4741-89fe-c0e5ea0b0ab5.gif]
[jannataresort.com/raw/da51edc1-e10d-44aa-a0b0-213b01bab241.gif]
[jannataresort.com/raw/f466fb70-336c-4db3-920b-ccc67c06bc34.gif]
[jannataresort.com/raw/b1040362-7ce3-46bb-a4b7-f6bf41c91d47.gif]
[jannataresort.com/raw/e5d80614-9853-44a2-9629-904b5a69fa48.gif]
[jannataresort.com/raw/8210cc2b-1ed4-4e3c-923c-06e146ded6ac.gif]
[jannataresort.com/raw/Cycling_Rice_Terraces_JPG.gif]
[jannataresort.com/raw/67b9f3c2-7db1-48fc-b082-791a9864eee4.gif]
[jannataresort.com/raw/01d07a63-a15d-41ba-b37c-666780d38f8e.gif]
[jannataresort.com/raw/accommodation/DSCF2335_JPG.gif]
[jannataresort.com/raw/accommodation/big.html]
[jannataresort.com/raw/accommodation/raw.html]
[jannataresort.com/raw/accommodation/blur.html]
[jannataresort.com/raw/accommodation/medium.html]
[jannataresort.com/raw/accommodation/DJI_0593_JPG.gif]
[jannataresort.com/raw/accommodation/1-01.gif]
[jannataresort.com/raw/accommodation/3e562326-a73f-4681-a46b-dbd8361db5bb.gif]
[jannataresort.com/raw/accommodation/DSCF2425_JPG.gif]
[jannataresort.com/raw/accommodation/a5702c31-e987-42cd-a743-0bb4cc30c0b2.gif]
[jannataresort.com/raw/accommodation/b13efd11-4c1d-4dca-85d3-c27153b0fcf8.gif]
[jannataresort.com/raw/accommodation/9b73f80a-e474-4dab-a0d8-41048845d67a.gif]
[jannataresort.com/raw/accommodation/DSCF2367_JPG.gif]
[jannataresort.com/raw/accommodation/Deluxe.gif]
[jannataresort.com/raw/accommodation/DSCF5269_JPG.gif]
[jannataresort.com/raw/accommodation/53ae25b6-79f5-4fc5-a1d8-55aec88591dd.gif]
[jannataresort.com/raw/accommodation/a2de7ce2-2fce-4dc2-b284-f01c7cecb5c8.gif]
[jannataresort.com/raw/accommodation/05d5135d-4ec2-4b48-9a33-e8daa2acd331.gif]
[jannataresort.com/raw/accommodation/2-01.gif]
[jannataresort.com/raw/accommodation/3-01.gif]
[jannataresort.com/raw/accommodation/ccc33ea4-460b-4093-8d0f-b59956d5d57d.gif]
[jannataresort.com/raw/accommodation/DSCF2390_JPG.gif]
[jannataresort.com/raw/accommodation/78898266-c40e-4553-90ab-19c2f2250aea.gif]
[jannataresort.com/raw/accommodation/DSCF4267_JPG.gif]
[jannataresort.com/raw/accommodation/25e6da3c-1200-4624-a024-5f4a604a1060.gif]
[jannataresort.com/raw/accommodation/65babf25-94c1-4149-bbe4-63843d40cabc.gif]
[jannataresort.com/big/en/medium.html]
[jannataresort.com/big/en/big.html]
[jannataresort.com/big/en/raw.html]
[jannataresort.com/big/en/blur.html]
[jannataresort.com/big/en/exclusive-deals.html]
[jannataresort.com/big/blur.html]
[jannataresort.com/big/medium.html]
[jannataresort.com/big/raw.html]
[jannataresort.com/big/big.html]
[jannataresort.com/big/0a92d769-ae4f-4a86-b5d6-67fbb4bc4472.gif]
[jannataresort.com/big/097470ab-7879-493e-bc98-5dc4fd09cb54.gif]
[jannataresort.com/big/6fe77037-cba3-4b76-81d0-bac03e031898.gif]
[jannataresort.com/big/e5740d7a-73ce-4643-8761-2f59c29a40f9.gif]
[jannataresort.com/big/e061b86c-217c-4b9f-87ec-bc67b45db7a0.gif]
[jannataresort.com/big/7a440a24-e2d7-42c2-a257-2d175c37fea0.gif]
[jannataresort.com/big/45160e86-5d7f-44c0-8474-3d137f585735.gif]
[jannataresort.com/big/a6dd0aeb-c6af-4333-bd07-d12facffa6cb.gif]
[jannataresort.com/big/0d81b504-794a-4f9b-a793-2e3f77b35c33.gif]
[jannataresort.com/big/DSCF2425_JPG.gif]
[jannataresort.com/big/fd4e5e30-5ce6-4c0a-b5d8-b603c1d44188.gif]
[jannataresort.com/big/3f5794e3-745d-4113-8294-0b47ac51bfcf.gif]
[jannataresort.com/big/5fdcfdc1-fb7a-4680-a6fb-863ca58f23f5_1_.gif]
[jannataresort.com/big/a2e5b48e-2e73-4eea-8717-68704ef8ddad.gif]
[jannataresort.com/big/DJI_0593_JPG.gif]
[jannataresort.com/big/497791fc-9913-4222-aab1-04a242ab0905.gif]
[jannataresort.com/big/3e562326-a73f-4681-a46b-dbd8361db5bb.gif]
[jannataresort.com/big/DSCF2335_JPG.gif]
[jannataresort.com/big/1-01.gif]
[jannataresort.com/big/6225aaeb-f581-4b05-8d48-4bfe4a5db40e.gif]
[jannataresort.com/big/Deluxe.gif]
[jannataresort.com/big/53ae25b6-79f5-4fc5-a1d8-55aec88591dd.gif]
[jannataresort.com/big/ff642f58-71fc-4cee-9d91-d525b1c641d2.gif]
[jannataresort.com/big/05d5135d-4ec2-4b48-9a33-e8daa2acd331.gif]
[jannataresort.com/big/00499681-d733-4741-8806-77b4213a0cbf.gif]
[jannataresort.com/big/bbe1e125-b438-4ad9-a5fa-c8d43c257edf.gif]
[jannataresort.com/big/f528273e-b165-42bb-a7f8-1eb14290f8f2.gif]
[jannataresort.com/big/7c1153bc-ac72-44f1-90c5-7637897ba38e.gif]
[jannataresort.com/big/d1276b64-27bc-4c45-96fd-6b509414815f.gif]
[jannataresort.com/big/26df702b-5185-427b-a581-152d528f605b.gif]
[jannataresort.com/big/popup-3.gif]
[jannataresort.com/big/ae1a8989-3567-4c6c-b88e-a99dd7e0c6de.gif]
[jannataresort.com/big/328014cf-1bb8-452c-90fe-90ceac34044e.gif]
[jannataresort.com/big/335269d8-bcc7-463e-821e-fa5df05e4730.gif]
[jannataresort.com/big/6f759fb6-cf6f-4269-b497-03ab3a53899e.gif]
[jannataresort.com/big/fa70b2da-85ee-4395-8cd1-13ad66467ef6.gif]
[jannataresort.com/big/322d1403-44e4-4c47-8bc1-7f4fd9a82e1e_3_.gif]
[jannataresort.com/big/ee593781-7b4a-4913-9a34-c8089d48881f.gif]
[jannataresort.com/big/8ee7d1f4-b033-4768-9137-1bc2c8f78ef2.gif]
[jannataresort.com/big/21e8e547-615b-4d9f-913b-2156e31bf83d.gif]
[jannataresort.com/big/2fdc0970-94bf-47ea-a564-052ccedd777b.gif]
[jannataresort.com/big/168ea0bb-1efe-4064-885c-98d91dcf9a17.gif]
[jannataresort.com/big/0faf99ee-77f6-4c6d-b017-6ac36d159598.gif]
[jannataresort.com/big/512d1b9c-1754-4eab-a5ab-95a1efe359d9.gif]
[jannataresort.com/big/DSCF4526_JPG.gif]
[jannataresort.com/big/Spa.gif]
[jannataresort.com/big/5573e9f4-d4e3-40cb-9fca-30da628b2d85.gif]
[jannataresort.com/big/holla.gif]
[jannataresort.com/big/0b19fd22-8b46-4e1e-8fa1-414ee915142e.gif]
[jannataresort.com/big/dabfeefe-8d8a-4807-9461-6935887f6443.gif]
[jannataresort.com/big/DSCF5333_JPG.gif]
[jannataresort.com/big/7aee2309-f7a3-486e-9f70-ba35b48523ac.gif]
[jannataresort.com/big/b6dc5f15-9a28-4524-991b-0a87487d4d9d_1_.gif]
[jannataresort.com/big/d1925c93-8a28-4fb0-9ef0-3500c669d3d8.gif]
[jannataresort.com/big/21d1bd39-3fc9-447a-93b9-9456950812f5.gif]
[jannataresort.com/big/88314766-e539-4857-b6a2-8635b806f0bb_1_.gif]
[jannataresort.com/big/e3680677-ee99-4ecf-8a01-aa250060d9ea_2_.gif]
[jannataresort.com/big/1442fbe1-fd3c-48e0-9209-b6e6a3edc10f.gif]
[jannataresort.com/big/28ff4652-76d0-43f8-b1df-a49a16395019.gif]
[jannataresort.com/big/26c85850-dc44-4091-9a28-7e19929e5a19.gif]
[jannataresort.com/big/DSCF5025_JPG.gif]
[jannataresort.com/big/62596dc7-a763-44e1-82a6-06ea0cd58adc.gif]
[jannataresort.com/big/3a6827ca-5dac-4b8d-8675-ed8b8817e45f.gif]
[jannataresort.com/big/f74f2eac-6aad-469f-85b2-076dc85d26b8.gif]
[jannataresort.com/big/ebb64e40-2e66-46c6-8885-0cd7c89b3ce4.gif]
[jannataresort.com/big/2b0633f0-c427-4741-89fe-c0e5ea0b0ab5.gif]
[jannataresort.com/big/da51edc1-e10d-44aa-a0b0-213b01bab241.gif]
[jannataresort.com/big/f466fb70-336c-4db3-920b-ccc67c06bc34.gif]
[jannataresort.com/big/b1040362-7ce3-46bb-a4b7-f6bf41c91d47.gif]
[jannataresort.com/big/e5d80614-9853-44a2-9629-904b5a69fa48.gif]
[jannataresort.com/big/8210cc2b-1ed4-4e3c-923c-06e146ded6ac.gif]
[jannataresort.com/big/Cycling_Rice_Terraces_JPG.gif]
[jannataresort.com/big/67b9f3c2-7db1-48fc-b082-791a9864eee4.gif]
[jannataresort.com/big/01d07a63-a15d-41ba-b37c-666780d38f8e.gif]
[jannataresort.com/big/accommodation/DSCF2335_JPG.gif]
[jannataresort.com/big/accommodation/big.html]
[jannataresort.com/big/accommodation/raw.html]
[jannataresort.com/big/accommodation/blur.html]
[jannataresort.com/big/accommodation/medium.html]
[jannataresort.com/big/accommodation/DJI_0593_JPG.gif]
[jannataresort.com/big/accommodation/1-01.gif]
[jannataresort.com/big/accommodation/3e562326-a73f-4681-a46b-dbd8361db5bb.gif]
[jannataresort.com/big/accommodation/DSCF2425_JPG.gif]
[jannataresort.com/big/accommodation/a5702c31-e987-42cd-a743-0bb4cc30c0b2.gif]
[jannataresort.com/big/accommodation/b13efd11-4c1d-4dca-85d3-c27153b0fcf8.gif]
[jannataresort.com/big/accommodation/9b73f80a-e474-4dab-a0d8-41048845d67a.gif]
[jannataresort.com/big/accommodation/DSCF2367_JPG.gif]
[jannataresort.com/big/accommodation/Deluxe.gif]
[jannataresort.com/big/accommodation/DSCF5269_JPG.gif]
[jannataresort.com/big/accommodation/53ae25b6-79f5-4fc5-a1d8-55aec88591dd.gif]
[jannataresort.com/big/accommodation/a2de7ce2-2fce-4dc2-b284-f01c7cecb5c8.gif]
[jannataresort.com/big/accommodation/05d5135d-4ec2-4b48-9a33-e8daa2acd331.gif]
[jannataresort.com/big/accommodation/2-01.gif]
[jannataresort.com/big/accommodation/3-01.gif]
[jannataresort.com/big/accommodation/ccc33ea4-460b-4093-8d0f-b59956d5d57d.gif]
[jannataresort.com/big/accommodation/DSCF2390_JPG.gif]
[jannataresort.com/big/accommodation/78898266-c40e-4553-90ab-19c2f2250aea.gif]
[jannataresort.com/big/accommodation/DSCF4267_JPG.gif]
[jannataresort.com/big/accommodation/25e6da3c-1200-4624-a024-5f4a604a1060.gif]
[jannataresort.com/big/accommodation/65babf25-94c1-4149-bbe4-63843d40cabc.gif]
[jannataresort.com/blur/en/DSCF2425_JPG.gif]
[jannataresort.com/blur/en/big.html]
[jannataresort.com/blur/en/raw.html]
[jannataresort.com/blur/en/blur.html]
[jannataresort.com/blur/en/medium.html]
[jannataresort.com/blur/en/3e562326-a73f-4681-a46b-dbd8361db5bb.gif]
[jannataresort.com/blur/en/DSCF2335_JPG.gif]
[jannataresort.com/blur/en/1-01.gif]
[jannataresort.com/blur/en/Deluxe.gif]
[jannataresort.com/blur/en/53ae25b6-79f5-4fc5-a1d8-55aec88591dd.gif]
[jannataresort.com/blur/en/DJI_0593_JPG.gif]
[jannataresort.com/blur/en/05d5135d-4ec2-4b48-9a33-e8daa2acd331.gif]
[jannataresort.com/blur/accommodation/0a92d769-ae4f-4a86-b5d6-67fbb4bc4472.gif]
[jannataresort.com/blur/accommodation/e061b86c-217c-4b9f-87ec-bc67b45db7a0.gif]
[jannataresort.com/blur/accommodation/097470ab-7879-493e-bc98-5dc4fd09cb54.gif]
[jannataresort.com/blur/accommodation/e5740d7a-73ce-4643-8761-2f59c29a40f9.gif]
[jannataresort.com/blur/accommodation/6fe77037-cba3-4b76-81d0-bac03e031898.gif]
[jannataresort.com/blur/accommodation/7a440a24-e2d7-42c2-a257-2d175c37fea0.gif]
[jannataresort.com/blur/accommodation/45160e86-5d7f-44c0-8474-3d137f585735.gif]
[jannataresort.com/blur/accommodation/a6dd0aeb-c6af-4333-bd07-d12facffa6cb.gif]
[jannataresort.com/blur/accommodation/5fdcfdc1-fb7a-4680-a6fb-863ca58f23f5_1_.gif]
[jannataresort.com/blur/accommodation/fd4e5e30-5ce6-4c0a-b5d8-b603c1d44188.gif]
[jannataresort.com/blur/accommodation/3f5794e3-745d-4113-8294-0b47ac51bfcf.gif]
[jannataresort.com/blur/accommodation/a2e5b48e-2e73-4eea-8717-68704ef8ddad.gif]
[jannataresort.com/blur/accommodation/0d81b504-794a-4f9b-a793-2e3f77b35c33.gif]
[jannataresort.com/blur/accommodation/6225aaeb-f581-4b05-8d48-4bfe4a5db40e.gif]
[jannataresort.com/blur/accommodation/ff642f58-71fc-4cee-9d91-d525b1c641d2.gif]
[jannataresort.com/medium/en/medium.html]
[jannataresort.com/medium/en/0a92d769-ae4f-4a86-b5d6-67fbb4bc4472.gif]
[jannataresort.com/medium/en/big.html]
[jannataresort.com/medium/en/raw.html]
[jannataresort.com/medium/en/blur.html]
[jannataresort.com/medium/en/e061b86c-217c-4b9f-87ec-bc67b45db7a0.gif]
[jannataresort.com/medium/en/097470ab-7879-493e-bc98-5dc4fd09cb54.gif]
[jannataresort.com/medium/en/e5740d7a-73ce-4643-8761-2f59c29a40f9.gif]
[jannataresort.com/medium/en/6fe77037-cba3-4b76-81d0-bac03e031898.gif]
[jannataresort.com/medium/en/7a440a24-e2d7-42c2-a257-2d175c37fea0.gif]
[jannataresort.com/medium/en/45160e86-5d7f-44c0-8474-3d137f585735.gif]
[jannataresort.com/medium/en/a6dd0aeb-c6af-4333-bd07-d12facffa6cb.gif]
[jannataresort.com/medium/en/5fdcfdc1-fb7a-4680-a6fb-863ca58f23f5_1_.gif]
[jannataresort.com/medium/en/DSCF2425_JPG.gif]
[jannataresort.com/medium/en/fd4e5e30-5ce6-4c0a-b5d8-b603c1d44188.gif]
[jannataresort.com/medium/en/3f5794e3-745d-4113-8294-0b47ac51bfcf.gif]
[jannataresort.com/medium/en/a2e5b48e-2e73-4eea-8717-68704ef8ddad.gif]
[jannataresort.com/medium/en/0d81b504-794a-4f9b-a793-2e3f77b35c33.gif]
[jannataresort.com/medium/en/6225aaeb-f581-4b05-8d48-4bfe4a5db40e.gif]
[jannataresort.com/medium/en/53ae25b6-79f5-4fc5-a1d8-55aec88591dd.gif]
[jannataresort.com/medium/en/DJI_0593_JPG.gif]
[jannataresort.com/medium/en/1-01.gif]
[jannataresort.com/medium/en/05d5135d-4ec2-4b48-9a33-e8daa2acd331.gif]
[jannataresort.com/medium/en/DSCF2335_JPG.gif]
[jannataresort.com/medium/en/ff642f58-71fc-4cee-9d91-d525b1c641d2.gif]
[jannataresort.com/medium/en/3e562326-a73f-4681-a46b-dbd8361db5bb.gif]
[jannataresort.com/medium/en/Deluxe.gif]
[jannataresort.com/medium/accommodation/0a92d769-ae4f-4a86-b5d6-67fbb4bc4472.gif]
[jannataresort.com/medium/accommodation/e061b86c-217c-4b9f-87ec-bc67b45db7a0.gif]
[jannataresort.com/medium/accommodation/097470ab-7879-493e-bc98-5dc4fd09cb54.gif]
[jannataresort.com/medium/accommodation/e5740d7a-73ce-4643-8761-2f59c29a40f9.gif]
[jannataresort.com/medium/accommodation/6fe77037-cba3-4b76-81d0-bac03e031898.gif]
[jannataresort.com/medium/accommodation/7a440a24-e2d7-42c2-a257-2d175c37fea0.gif]
[jannataresort.com/medium/accommodation/45160e86-5d7f-44c0-8474-3d137f585735.gif]
[jannataresort.com/medium/accommodation/a6dd0aeb-c6af-4333-bd07-d12facffa6cb.gif]
[jannataresort.com/medium/accommodation/5fdcfdc1-fb7a-4680-a6fb-863ca58f23f5_1_.gif]
[jannataresort.com/medium/accommodation/fd4e5e30-5ce6-4c0a-b5d8-b603c1d44188.gif]
[jannataresort.com/medium/accommodation/3f5794e3-745d-4113-8294-0b47ac51bfcf.gif]
[jannataresort.com/medium/accommodation/a2e5b48e-2e73-4eea-8717-68704ef8ddad.gif]
[jannataresort.com/medium/accommodation/0d81b504-794a-4f9b-a793-2e3f77b35c33.gif]
[jannataresort.com/medium/accommodation/6225aaeb-f581-4b05-8d48-4bfe4a5db40e.gif]
[jannataresort.com/medium/accommodation/ff642f58-71fc-4cee-9d91-d525b1c641d2.gif]
[jannataresort.com/raw/en/medium.html]
[jannataresort.com/raw/en/0a92d769-ae4f-4a86-b5d6-67fbb4bc4472.gif]
[jannataresort.com/raw/en/big.html]
[jannataresort.com/raw/en/raw.html]
[jannataresort.com/raw/en/blur.html]
[jannataresort.com/raw/en/e061b86c-217c-4b9f-87ec-bc67b45db7a0.gif]
[jannataresort.com/raw/en/097470ab-7879-493e-bc98-5dc4fd09cb54.gif]
[jannataresort.com/raw/en/e5740d7a-73ce-4643-8761-2f59c29a40f9.gif]
[jannataresort.com/raw/en/6fe77037-cba3-4b76-81d0-bac03e031898.gif]
[jannataresort.com/raw/en/7a440a24-e2d7-42c2-a257-2d175c37fea0.gif]
[jannataresort.com/raw/en/45160e86-5d7f-44c0-8474-3d137f585735.gif]
[jannataresort.com/raw/en/a6dd0aeb-c6af-4333-bd07-d12facffa6cb.gif]
[jannataresort.com/raw/en/5fdcfdc1-fb7a-4680-a6fb-863ca58f23f5_1_.gif]
[jannataresort.com/raw/en/DSCF2425_JPG.gif]
[jannataresort.com/raw/en/fd4e5e30-5ce6-4c0a-b5d8-b603c1d44188.gif]
[jannataresort.com/raw/en/3f5794e3-745d-4113-8294-0b47ac51bfcf.gif]
[jannataresort.com/raw/en/a2e5b48e-2e73-4eea-8717-68704ef8ddad.gif]
[jannataresort.com/raw/en/0d81b504-794a-4f9b-a793-2e3f77b35c33.gif]
[jannataresort.com/raw/en/6225aaeb-f581-4b05-8d48-4bfe4a5db40e.gif]
[jannataresort.com/raw/en/53ae25b6-79f5-4fc5-a1d8-55aec88591dd.gif]
[jannataresort.com/raw/en/DJI_0593_JPG.gif]
[jannataresort.com/raw/en/1-01.gif]
[jannataresort.com/raw/en/05d5135d-4ec2-4b48-9a33-e8daa2acd331.gif]
[jannataresort.com/raw/en/DSCF2335_JPG.gif]
[jannataresort.com/raw/en/ff642f58-71fc-4cee-9d91-d525b1c641d2.gif]
[jannataresort.com/raw/en/3e562326-a73f-4681-a46b-dbd8361db5bb.gif]
[jannataresort.com/raw/en/Deluxe.gif]
[jannataresort.com/raw/accommodation/0a92d769-ae4f-4a86-b5d6-67fbb4bc4472.gif]
[jannataresort.com/raw/accommodation/e061b86c-217c-4b9f-87ec-bc67b45db7a0.gif]
[jannataresort.com/raw/accommodation/097470ab-7879-493e-bc98-5dc4fd09cb54.gif]
[jannataresort.com/raw/accommodation/e5740d7a-73ce-4643-8761-2f59c29a40f9.gif]
[jannataresort.com/raw/accommodation/6fe77037-cba3-4b76-81d0-bac03e031898.gif]
[jannataresort.com/raw/accommodation/7a440a24-e2d7-42c2-a257-2d175c37fea0.gif]
[jannataresort.com/raw/accommodation/45160e86-5d7f-44c0-8474-3d137f585735.gif]
[jannataresort.com/raw/accommodation/a6dd0aeb-c6af-4333-bd07-d12facffa6cb.gif]
[jannataresort.com/raw/accommodation/5fdcfdc1-fb7a-4680-a6fb-863ca58f23f5_1_.gif]
[jannataresort.com/raw/accommodation/fd4e5e30-5ce6-4c0a-b5d8-b603c1d44188.gif]
[jannataresort.com/raw/accommodation/3f5794e3-745d-4113-8294-0b47ac51bfcf.gif]
[jannataresort.com/raw/accommodation/a2e5b48e-2e73-4eea-8717-68704ef8ddad.gif]
[jannataresort.com/raw/accommodation/0d81b504-794a-4f9b-a793-2e3f77b35c33.gif]
[jannataresort.com/raw/accommodation/6225aaeb-f581-4b05-8d48-4bfe4a5db40e.gif]
[jannataresort.com/raw/accommodation/ff642f58-71fc-4cee-9d91-d525b1c641d2.gif]
[jannataresort.com/big/en/medium.html]
[jannataresort.com/big/en/0a92d769-ae4f-4a86-b5d6-67fbb4bc4472.gif]
[jannataresort.com/big/en/big.html]
[jannataresort.com/big/en/raw.html]
[jannataresort.com/big/en/blur.html]
[jannataresort.com/big/en/e061b86c-217c-4b9f-87ec-bc67b45db7a0.gif]
[jannataresort.com/big/en/097470ab-7879-493e-bc98-5dc4fd09cb54.gif]
[jannataresort.com/big/en/e5740d7a-73ce-4643-8761-2f59c29a40f9.gif]
[jannataresort.com/big/en/6fe77037-cba3-4b76-81d0-bac03e031898.gif]
[jannataresort.com/big/en/7a440a24-e2d7-42c2-a257-2d175c37fea0.gif]
[jannataresort.com/big/en/45160e86-5d7f-44c0-8474-3d137f585735.gif]
[jannataresort.com/big/en/a6dd0aeb-c6af-4333-bd07-d12facffa6cb.gif]
[jannataresort.com/big/en/5fdcfdc1-fb7a-4680-a6fb-863ca58f23f5_1_.gif]
[jannataresort.com/big/en/DSCF2425_JPG.gif]
[jannataresort.com/big/en/fd4e5e30-5ce6-4c0a-b5d8-b603c1d44188.gif]
[jannataresort.com/big/en/3f5794e3-745d-4113-8294-0b47ac51bfcf.gif]
[jannataresort.com/big/en/a2e5b48e-2e73-4eea-8717-68704ef8ddad.gif]
[jannataresort.com/big/en/0d81b504-794a-4f9b-a793-2e3f77b35c33.gif]
[jannataresort.com/big/en/6225aaeb-f581-4b05-8d48-4bfe4a5db40e.gif]
[jannataresort.com/big/en/53ae25b6-79f5-4fc5-a1d8-55aec88591dd.gif]
[jannataresort.com/big/en/DJI_0593_JPG.gif]
[jannataresort.com/big/en/1-01.gif]
[jannataresort.com/big/en/05d5135d-4ec2-4b48-9a33-e8daa2acd331.gif]
[jannataresort.com/big/en/DSCF2335_JPG.gif]
[jannataresort.com/big/en/ff642f58-71fc-4cee-9d91-d525b1c641d2.gif]
[jannataresort.com/big/en/3e562326-a73f-4681-a46b-dbd8361db5bb.gif]
[jannataresort.com/big/en/Deluxe.gif]
[jannataresort.com/big/accommodation/0a92d769-ae4f-4a86-b5d6-67fbb4bc4472.gif]
[jannataresort.com/big/accommodation/e061b86c-217c-4b9f-87ec-bc67b45db7a0.gif]
[jannataresort.com/big/accommodation/097470ab-7879-493e-bc98-5dc4fd09cb54.gif]
[jannataresort.com/big/accommodation/e5740d7a-73ce-4643-8761-2f59c29a40f9.gif]
[jannataresort.com/big/accommodation/6fe77037-cba3-4b76-81d0-bac03e031898.gif]
[jannataresort.com/big/accommodation/7a440a24-e2d7-42c2-a257-2d175c37fea0.gif]
[jannataresort.com/big/accommodation/45160e86-5d7f-44c0-8474-3d137f585735.gif]
[jannataresort.com/big/accommodation/a6dd0aeb-c6af-4333-bd07-d12facffa6cb.gif]
[jannataresort.com/big/accommodation/5fdcfdc1-fb7a-4680-a6fb-863ca58f23f5_1_.gif]
[jannataresort.com/big/accommodation/fd4e5e30-5ce6-4c0a-b5d8-b603c1d44188.gif]
[jannataresort.com/big/accommodation/3f5794e3-745d-4113-8294-0b47ac51bfcf.gif]
[jannataresort.com/big/accommodation/a2e5b48e-2e73-4eea-8717-68704ef8ddad.gif]
[jannataresort.com/big/accommodation/0d81b504-794a-4f9b-a793-2e3f77b35c33.gif]
[jannataresort.com/big/accommodation/6225aaeb-f581-4b05-8d48-4bfe4a5db40e.gif]
[jannataresort.com/big/accommodation/ff642f58-71fc-4cee-9d91-d525b1c641d2.gif]
[jannataresort.com/blur/en/0a92d769-ae4f-4a86-b5d6-67fbb4bc4472.gif]
[jannataresort.com/blur/en/e061b86c-217c-4b9f-87ec-bc67b45db7a0.gif]
[jannataresort.com/blur/en/097470ab-7879-493e-bc98-5dc4fd09cb54.gif]
[jannataresort.com/blur/en/e5740d7a-73ce-4643-8761-2f59c29a40f9.gif]
[jannataresort.com/blur/en/6fe77037-cba3-4b76-81d0-bac03e031898.gif]
[jannataresort.com/blur/en/7a440a24-e2d7-42c2-a257-2d175c37fea0.gif]
[jannataresort.com/blur/en/45160e86-5d7f-44c0-8474-3d137f585735.gif]
[jannataresort.com/blur/en/a6dd0aeb-c6af-4333-bd07-d12facffa6cb.gif]
[jannataresort.com/blur/en/5fdcfdc1-fb7a-4680-a6fb-863ca58f23f5_1_.gif]
[jannataresort.com/blur/en/fd4e5e30-5ce6-4c0a-b5d8-b603c1d44188.gif]
[jannataresort.com/blur/en/3f5794e3-745d-4113-8294-0b47ac51bfcf.gif]
[jannataresort.com/blur/en/a2e5b48e-2e73-4eea-8717-68704ef8ddad.gif]
[jannataresort.com/blur/en/0d81b504-794a-4f9b-a793-2e3f77b35c33.gif]
[jannataresort.com/blur/en/6225aaeb-f581-4b05-8d48-4bfe4a5db40e.gif]
[jannataresort.com/blur/en/ff642f58-71fc-4cee-9d91-d525b1c641d2.gif]
